ignored test_1000_csymbol
ok test_1001
ok test_1
ok test_1004
ok test_1007
ok test_1003
ok test_1002
ok test_10
ok test_1009
ok test_1005
ok test_1006
ok test_1011
ok test_1008
ok test_100
ok test_1012
ok test_1015
ok test_1014
ok test_1018
ok test_1013
ok test_101
ok test_1010
ok test_1021
ok test_1017
ok test_1020
ok test_1019
ok test_1016
ok test_1022
ok test_1024
ok test_102
ok test_1023
ok test_103
ok test_1032
ok test_1026
ok test_1025
ok test_1031
ok test_1033
ok test_1030
ok test_1035
ok test_1034
ok test_1038
ok test_1036
ignored test_1044_algebraic_rule
ignored test_1045_events
ignored test_1046_events
ignored test_1047_events
ignored test_1048_events
ignored test_1049_events
ok test_1037
ignored test_1050_events
ignored test_1054_algebraic_rule
ok test_1039
ok test_104
ok test_1055
ok test_1040
ok test_1042
ok test_1041
ok test_1043
ok test_1059
ok test_1058
ok test_1057
ok test_105
ok test_1056
ok test_1060
failed test_1061
failed test_1065
ok test_106
failed test_1068
failed test_1062
ignored test_1071_events
ignored test_1072_events
ignored test_1073_events
ignored test_1074_events
ignored test_1075_events
ignored test_1076_events
ok test_107
failed test_1063
failed test_1064
failed test_1069
failed test_1077
failed test_1078
failed test_1079
ignored test_1083_algebraic_rule
ignored test_1084_algebraic_rule
ignored test_1085_algebraic_rule
ignored test_1086_algebraic_rule
failed test_1067
ok test_108
failed test_1087
failed test_1070
failed test_1080
failed test_1066
failed test_1082
ok test_1081
ignored test_1094_events
ignored test_1095_events
failed test_1089
failed test_1090
failed test_1088
ignored test_1099_csymbol
failed test_1097
failed test_1096
ignored test_1100_csymbol
ignored test_1101_csymbol
failed test_1102
failed test_1103
ok test_109
failed test_1098
ignored test_1106_events
failed test_1107
ignored test_1108_algebraic_rule
ignored test_1109_csymbol
failed test_1091
failed test_1105
failed test_1093
ok test_1112
ok test_1113
ok test_1114
ok test_1115
ok test_1116
ok test_1117
ok test_1118
ignored test_1119_events
failed test_1092
ignored test_1120_events
ignored test_1121_csymbol
failed test_1111
ok test_1104
ignored test_1124_comp
ignored test_1125_comp
ignored test_1126_comp
ignored test_1127_comp
ignored test_1128_comp
ignored test_1129_comp
failed test_1110
ignored test_1130_comp
ignored test_1131_comp
ignored test_1132_comp
ignored test_1133_comp
ignored test_1134_comp
ignored test_1135_comp
ignored test_1136_comp
ignored test_1137_comp
ignored test_1138_comp
ignored test_1139_comp
ok test_11
ignored test_1140_comp
ignored test_1141_comp
ignored test_1142_comp
ignored test_1143_comp
ignored test_1144_comp
ignored test_1145_comp
ignored test_1146_comp
ignored test_1147_comp
ignored test_1148_comp
ignored test_1149_comp
failed test_1122
ignored test_1150_comp
ignored test_1151_comp
ignored test_1152_comp
ignored test_1153_comp
ignored test_1154_comp
ignored test_1155_comp
ignored test_1156_comp
ignored test_1157_comp
ignored test_1158_comp
ignored test_1159_comp
ok test_113
ignored test_1160_comp
ignored test_1161_comp
ignored test_1162_comp
ignored test_1163_comp
ignored test_1164_comp
ignored test_1165_comp
ignored test_1166_comp
ignored test_1167_comp
ignored test_1168_comp
ignored test_1169_comp
failed test_1123
ignored test_1170_comp
ignored test_1171_comp
ignored test_1172_comp
ignored test_1173_comp
ignored test_1174_comp
ignored test_1175_comp
ignored test_1176_comp
ignored test_1177_comp
ignored test_1178_comp
ignored test_1179_comp
ok test_118
ignored test_1180_comp
ignored test_1181_comp
ignored test_1182_comp
ignored test_1183_comp
ok test_1184
ok test_112
ignored test_1186_invalid_desc
ignored test_1187_invalid_desc
ignored test_1188_invalid_desc
ignored test_1189_invalid_desc
ok test_1185
ignored test_1190_invalid_desc
ignored test_1191_invalid_desc
ignored test_1192_invalid_desc
ignored test_1193_invalid_desc
ignored test_1194_invalid_desc
ignored test_1195_invalid_desc
ignored test_1196_invalid_desc
ok test_1197
failed test_1198
ok test_1199
ok test_116
ok test_110
ok test_1200
ok test_1201
ok test_117
ok test_1202
ok test_1203
ok test_1204
ok test_1206
ok test_1205
ok test_1207
failed test_1208
ok test_1209
ok test_115
ignored test_1211_events
ignored test_1212_events
ignored test_1213_events
ignored test_1214_events
ok test_1210
ok test_1215
failed test_1217
failed test_1218
ok test_1219
ok test_1216
ok test_119
ok test_1220
ignored test_1222_events
ignored test_1223_csymbol
ok test_1221
failed test_1225
failed test_1226
ignored test_1227_events
ignored test_1228_events
ignored test_1229_events
failed test_1224
ignored test_1230_events
failed test_1231
ok test_12
failed test_1232
failed test_1234
failed test_1233
failed test_1235
ignored test_1237_events
ignored test_1238_events
ignored test_1239_events
failed test_1236
ignored test_1240_events
ignored test_1241_events
ignored test_1242_events
ignored test_1243_events
ignored test_1244_algebraic_rule
failed test_1245
failed test_1246
ignored test_1247_constraints
ignored test_1248_csymbol
ignored test_1249_csymbol
ok test_114
ignored test_1250_csymbol
ignored test_1251_csymbol
ignored test_1252_csymbol
ignored test_1253_csymbol
ignored test_1254_csymbol
ignored test_1255_csymbol
ignored test_1256_csymbol
ignored test_1257_csymbol
ignored test_1258_csymbol
ignored test_1259_csymbol
ok test_125
ignored test_1260_events
ignored test_1261_csymbol
ignored test_1262_events
ignored test_1263_events
ignored test_1264_csymbol
ignored test_1265_csymbol
ignored test_1266_events
ignored test_1267_events
ignored test_1268_events
ignored test_1269_csymbol
ok test_120
ignored test_1270_csymbol
failed test_1271
failed test_1272
failed test_1273
failed test_1274
failed test_1275
failed test_1276
failed test_1277
failed test_1278
failed test_1279
ok test_122
failed test_1280
failed test_1281
failed test_1282
failed test_1283
ignored test_1284_events
ignored test_1285_events
ignored test_1286_events
ignored test_1287_events
failed test_1288
failed test_1289
failed test_1290
failed test_1291
ignored test_1292_algebraic_rule
ignored test_1293_events
ignored test_1294_events
ignored test_1295_events
ignored test_1296_csymbol
ignored test_1297_events
ignored test_1298_events
ignored test_1299_events
ok test_126
failed test_1300
failed test_1301
failed test_1302
ignored test_1303_events
ignored test_1304_events
ignored test_1305_events
ignored test_1306_csymbol
failed test_1307
ok test_13
failed test_1308
ok test_1310
failed test_1309
ok test_1311
ok test_1312
ok test_1313
ok test_1314
ignored test_1316_csymbol
ignored test_1317_csymbol
ignored test_1318_csymbol
ignored test_1319_csymbol
ok test_1315
ignored test_1320_csymbol
ignored test_1321_csymbol
ignored test_1322_csymbol
failed test_1323
ignored test_1324_events
ignored test_1325_events
ignored test_1326_events
ignored test_1327_events
ignored test_1328_events
ignored test_1329_events
ok test_121
ignored test_1330_events
ignored test_1331_events
ignored test_1332_events
ignored test_1333_events
ignored test_1334_events
ignored test_1335_events
ignored test_1336_events
ignored test_1337_events
ok test_1338
ok test_1339
ignored test_1340_events
ok test_1341
ok test_1342
failed test_1343
ignored test_1344_comp
ignored test_1345_comp
ignored test_1346_comp
ignored test_1347_comp
ignored test_1348_comp
ignored test_1349_comp
ok test_135
ignored test_1350_comp
ignored test_1351_comp
ignored test_1352_comp
ignored test_1353_comp
ignored test_1354_comp
ignored test_1355_comp
ignored test_1356_comp
ignored test_1357_comp
ignored test_1358_comp
ignored test_1359_comp
ok test_127
ignored test_1360_comp
ignored test_1361_comp
ignored test_1362_comp
ignored test_1363_comp
ignored test_1364_comp
ignored test_1365_comp
ignored test_1366_comp
ignored test_1367_comp
ignored test_1368_comp
ignored test_1369_comp
ok test_133
ignored test_1370_comp
ignored test_1371_comp
ignored test_1372_comp
ignored test_1373_comp
ignored test_1374_comp
ignored test_1375_comp
ignored test_1376_comp
ignored test_1377_comp
ignored test_1378_comp
ignored test_1379_comp
ok test_132
ignored test_1380_comp
ignored test_1381_comp
ignored test_1382_comp
ignored test_1383_comp
ignored test_1384_comp
ignored test_1385_comp
ignored test_1386_comp
ignored test_1387_comp
ignored test_1388_comp
ignored test_1389_comp
ok test_124
ignored test_1390_comp
ignored test_1391_comp
ignored test_1392_comp
ignored test_1393_comp
ignored test_1394_comp
ignored test_1395_long
ok test_136
ok test_137
ignored test_1400_csymbol
ignored test_1401_csymbol
ignored test_1402_csymbol
ignored test_1403_csymbol
ignored test_1404_csymbol
ignored test_1405_csymbol
ignored test_1406_csymbol
ignored test_1407_csymbol
ignored test_1408_csymbol
ignored test_1409_csymbol
ok test_138
ignored test_1410_csymbol
ignored test_1411_csymbol
ignored test_1412_csymbol
ignored test_1413_csymbol
ignored test_1414_csymbol
ignored test_1415_csymbol
ignored test_1416_csymbol
ignored test_1417_csymbol
ignored test_1418_csymbol
ignored test_1419_csymbol
ok test_139
failed test_1420
failed test_1421
failed test_1422
ok test_1423
ok test_140
ok test_1424
ok test_1425
ok test_1426
ok test_1427
failed test_1428
failed test_1429
failed test_1430
ok test_1431
ok test_1432
failed test_1433
failed test_1434
ok test_1436
failed test_1438
ok test_111
ok test_141
failed test_1440
ignored test_1444_events
ignored test_1445_events
ignored test_1446_events
ignored test_1447_events
ignored test_1448_events
failed test_1449
ok test_1442
failed test_1450
failed test_1451
failed test_1452
failed test_1453
ignored test_1454_csymbol
ignored test_1455_csymbol
ignored test_1456_csymbol
ignored test_1457_csymbol
ignored test_1458_csymbol
ignored test_1459_csymbol
ok test_142
ignored test_1460_csymbol
ignored test_1461_csymbol
ignored test_1462_csymbol
ignored test_1463_csymbol
ok test_1464
ok test_1465
ignored test_1466_events
ignored test_1467_comp
ignored test_1468_comp
ignored test_1469_comp
ok test_14
ignored test_1470_comp
ignored test_1471_comp
ignored test_1472_comp
ignored test_1473_comp
ignored test_1474_comp
ignored test_1475_comp
ignored test_1476_comp
ignored test_1477_comp
failed test_1478
ignored test_1479_algebraic_rule
ok test_143
ignored test_1480_csymbol
ignored test_1482_algebraic_rule
ignored test_1483_algebraic_rule
ignored test_1484_algebraic_rule
failed test_1485
failed test_1486
failed test_1487
failed test_1488
failed test_1489
ok test_144
failed test_1490
failed test_1491
ok test_1492
ok test_145
failed test_1494
failed test_1495
failed test_1496
failed test_1497
ok test_1493
ignored test_1499_algebraic_rule
failed test_1498
ok test_148
ignored test_1500_algebraic_rule
ignored test_1501_algebraic_rule
ignored test_1502_algebraic_rule
ignored test_1503_algebraic_rule
ignored test_1504_events
ignored test_1505_events
ignored test_1506_events
ignored test_1507_events
ignored test_1508_events
ignored test_1509_events
ok test_146
ignored test_1510_events
ignored test_1511_events
ignored test_1512_events
failed test_1513
failed test_1514
ok test_149
failed test_1515
ignored test_1518_events
ignored test_1519_events
failed test_1516
ignored test_1520_events
ignored test_1521_events
ignored test_1522_csymbol
ignored test_1523_events
ignored test_1524_events
ignored test_1525_csymbol
ignored test_1526_csymbol
ignored test_1527_events
ignored test_1528_csymbol
ignored test_1529_csymbol
ok test_147
ignored test_1530_events
ignored test_1531_events
ignored test_1532_events
ignored test_1533_events
ignored test_1534_csymbol
ignored test_1535_csymbol
ignored test_1536_events
ignored test_1537_csymbol
ignored test_1538_csymbol
ok test_123
ignored test_1540_csymbol
ignored test_1541_csymbol
ignored test_1542_csymbol
ignored test_1543_csymbol
ok test_152
failed test_1552
failed test_1553
ok test_150
failed test_1555
failed test_1554
failed test_1556
ok test_151
failed test_1557
failed test_1563
failed test_1561
failed test_1566
failed test_1564
failed test_1574
ignored test_1575_algebraic_rule
ignored test_1576_algebraic_rule
ignored test_1577_algebraic_rule
ignored test_1578_algebraic_rule
ignored test_1579_algebraic_rule
ok test_154
ignored test_1580_events
ignored test_1582_events
ignored test_1583_events
ignored test_1584_events
ignored test_1586_events
ignored test_1588_events
ignored test_1589_events
ok test_153
ignored test_1590_events
ignored test_1591_events
ignored test_1592_events
ignored test_1593_csymbol
failed test_1594
failed test_1595
failed test_1596
failed test_1597
failed test_1598
ignored test_1599_events
ok test_15
ok test_155
ignored test_1600_events
ignored test_1601_events
ignored test_1602_events
ignored test_1603_events
ignored test_1604_events
ignored test_1605_events
ignored test_1606_invalid_desc
ignored test_1607_invalid_desc
ignored test_1608_invalid_desc
ignored test_1609_invalid_desc
ok test_156
ignored test_1610_invalid_desc
ignored test_1611_invalid_desc
ignored test_1612_invalid_desc
ignored test_1613_invalid_desc
ignored test_1614_invalid_desc
ignored test_1615_invalid_desc
ignored test_1616_invalid_desc
ignored test_1617_invalid_desc
ignored test_1618_invalid_desc
ignored test_1619_invalid_desc
ok test_161
ignored test_1620_invalid_desc
ignored test_1621_invalid_desc
ignored test_1622_invalid_desc
ignored test_1623_invalid_desc
ignored test_1624_invalid_desc
ignored test_1625_invalid_desc
ignored test_1626_events
ignored test_1627_events
ignored test_1628_invalid_desc
ignored test_1629_invalid_desc
ok test_162
ignored test_1630_invalid_desc
failed test_1631
failed test_1633
failed test_1635
ok test_159
ignored test_1641_csymbol
ignored test_1642_conversion_factor
ignored test_1643_conversion_factor
ignored test_1644_conversion_factor
ignored test_1645_conversion_factor
ignored test_1646_conversion_factor
ignored test_1647_conversion_factor
ignored test_1648_conversion_factor
ignored test_1649_conversion_factor
ok test_163
ignored test_1650_conversion_factor
ignored test_1651_conversion_factor
ignored test_1652_conversion_factor
ignored test_1653_conversion_factor
failed test_1654
failed test_1655
failed test_1657
ignored test_1658_events
ignored test_1659_events
ok test_164
ignored test_1660_events
ignored test_1661_events
ok test_157
ignored test_1662_events
ignored test_1663_events
ignored test_1664_events
ignored test_1665_csymbol
ignored test_1666_conversion_factor
ignored test_1667_conversion_factor
ignored test_1668_conversion_factor
ignored test_1669_events
ignored test_1670_events
ignored test_1671_events
ignored test_1672_events
ignored test_1673_events
ignored test_1674_events
ignored test_1675_events
ignored test_1676_events
ignored test_1677_events
ignored test_1678_events
ignored test_1679_events
ok test_158
ignored test_1680_events
ignored test_1681_events
ignored test_1682_events
ignored test_1683_events
ignored test_1684_events
ignored test_1685_events
ignored test_1686_events
ignored test_1687_events
ignored test_1688_events
ignored test_1689_events
ok test_16
ignored test_1690_events
ignored test_1691_events
ignored test_1692_events
ignored test_1693_events
ignored test_1694_events
ignored test_1695_events
ignored test_1696_events
ignored test_1697_events
ignored test_1698_events
ignored test_1699_events
ok test_160
ok test_166
ignored test_1700_events
ignored test_1701_events
ignored test_1702_events
ignored test_1703_events
ignored test_1704_events
ignored test_1705_events
ignored test_1706_events
ignored test_1707_events
ignored test_1708_events
ignored test_1709_events
ok test_165
ignored test_1710_events
ignored test_1711_events
ignored test_1712_events
ignored test_1713_events
ignored test_1714_events
ignored test_1715_events
ignored test_1716_events
ignored test_1717_events
ignored test_1718_events
ignored test_1719_events
ignored test_1720_events
ignored test_1721_events
ignored test_1722_csymbol
ignored test_1723_csymbol
ignored test_1724_csymbol
ignored test_1725_conversion_factor
ignored test_1726_conversion_factor
ignored test_1727_conversion_factor
ignored test_1728_conversion_factor
ignored test_1729_conversion_factor
ignored test_172_events
ok test_170
ignored test_1730_conversion_factor
ignored test_1731_conversion_factor
ignored test_1732_conversion_factor
ignored test_1733_conversion_factor
ignored test_1734_conversion_factor
ignored test_1735_conversion_factor
ignored test_1736_conversion_factor
ignored test_1737_conversion_factor
ignored test_1738_conversion_factor
ignored test_1739_conversion_factor
ok test_174
ignored test_1740_conversion_factor
ignored test_1741_conversion_factor
failed test_1742
ignored test_1744_csymbol
failed test_1746
ignored test_1748_csymbol
ok test_175
ignored test_1754_events
ignored test_1755_events
ignored test_1756_events
ignored test_1757_events
ignored test_1758_events
ignored test_1759_events
ok test_171
ok test_173
failed test_1760
ignored test_1762_csymbol
ignored test_1763_csymbol
failed test_1761
failed test_1766
failed test_1767
ignored test_1769_events
failed test_1768
ignored test_1770_events
ignored test_1771_events
ignored test_1772_events
failed test_1773
failed test_1774
ignored test_1775_csymbol
ignored test_1776_csymbol
ignored test_1777_csymbol
ignored test_1778_comp
ignored test_1779_events
ok test_176
ignored test_1780_events
ok test_168
ok test_177
ok test_167
ok test_169
ignored test_182_algebraic_rule
ok test_181
ignored test_184_algebraic_rule
ok test_178
ok test_180
ok test_179
ok test_183
ok test_185
ok test_186
ok test_190
ok test_187
ok test_189
ok test_188
ok test_191
ok test_192
ok test_193
ok test_195
ok test_194
ok test_19
ok test_18
ok test_197
ok test_196
ok test_2
ok test_198
ok test_199
ignored test_204_long
ok test_202
ok test_203
ok test_200
ok test_205
ok test_206
ok test_208
ok test_207
ok test_211
ok test_209
ok test_213
ok test_212
ok test_21
ok test_215
ok test_20
ok test_201
ok test_216
ok test_217
ok test_214
ok test_210
ok test_219
ok test_220
ok test_218
ok test_223
ok test_226
ok test_227
ok test_228
ok test_221
ok test_222
ok test_224
ok test_231
ok test_225
ok test_229
ok test_23
ok test_230
ok test_232
ok test_234
ok test_235
ok test_238
ok test_233
ok test_236
ok test_239
ok test_237
ok test_242
ok test_241
ok test_240
ok test_245
ok test_244
ok test_243
ok test_246
ok test_248
ok test_247
ok test_24
ok test_25
ok test_249
ok test_251
ok test_250
ok test_252
ok test_254
ok test_255
ok test_253
ok test_22
ok test_257
ok test_260
ok test_256
ok test_261
ok test_258
ok test_262
ok test_259
ok test_263
ok test_264
ignored test_26_events
ok test_269
ok test_266
ok test_27
ok test_271
ok test_265
ok test_273
ok test_274
ok test_267
ok test_272
ok test_270
ok test_275
ok test_268
ok test_280
ok test_28
ok test_281
ok test_277
ok test_276
ok test_282
ok test_278
ok test_283
ok test_285
ok test_279
ok test_29
ok test_288
ok test_284
ok test_286
ok test_287
ok test_289
ok test_293
ok test_290
ok test_17
ok test_294
ok test_298
ok test_295
ok test_30
ok test_128
ok test_296
ok test_3
ok test_303
ok test_302
ok test_299
ok test_297
ok test_304
ok test_301
ok test_300
ok test_31
ok test_307
ok test_305
ok test_309
ok test_306
ok test_311
ok test_292
ok test_312
ok test_308
ok test_310
ok test_317
ok test_32
ok test_291
ok test_318
ok test_319
ok test_320
ok test_316
ok test_321
ok test_322
ok test_313
ok test_323
ok test_326
ok test_325
ok test_315
ok test_324
ok test_327
ok test_329
ok test_33
ok test_328
ok test_335
ok test_336
ok test_330
ok test_332
ok test_331
ok test_334
ok test_338
ok test_337
ok test_339
ok test_333
ok test_343
ok test_340
ok test_342
ignored test_348_events
ignored test_349_events
ok test_341
ignored test_350_events
ignored test_351_events
ignored test_352_events
ignored test_353_events
ignored test_354_events
ignored test_355_events
ignored test_356_events
ignored test_357_events
ignored test_358_events
ignored test_359_events
ok test_346
ignored test_360_events
ignored test_361_events
ignored test_362_events
ignored test_363_events
ignored test_364_events
ignored test_365_events
ignored test_366_events
ignored test_367_events
ignored test_368_events
ignored test_369_events
ok test_37
ignored test_370_events
ignored test_371_events
ignored test_372_events
ignored test_373_events
ignored test_374_events
ignored test_375_events
ignored test_376_events
ignored test_377_events
ignored test_378_events
ignored test_379_events
ok test_344
ignored test_380_events
ignored test_381_events
ignored test_382_events
ignored test_383_events
ignored test_384_events
ignored test_385_events
ignored test_386_events
ignored test_387_events
ignored test_389_events
ignored test_390_events
ignored test_392_events
ignored test_393_events
ignored test_395_events
ignored test_396_events
ignored test_397_events
ignored test_398_events
ignored test_399_events
ignored test_39_algebraic_rule
ok test_347
ignored test_400_events
ignored test_401_events
ignored test_402_events
ignored test_403_events
ignored test_404_events
ignored test_405_events
ignored test_406_events
ignored test_407_events
ignored test_408_events
ignored test_409_events
ignored test_40_algebraic_rule
ignored test_410_events
ignored test_411_events
ignored test_412_events
ignored test_413_events
ignored test_414_events
ignored test_415_events
ignored test_416_events
ignored test_417_events
ignored test_418_events
ignored test_419_events
ignored test_41_events
ok test_34
ignored test_420_events
ignored test_421_events
ignored test_422_events
ignored test_423_events
ignored test_424_events
ignored test_425_events
ignored test_426_events
ignored test_427_events
ignored test_428_events
ignored test_429_events
ok test_36
ignored test_430_events
ignored test_431_events
ignored test_432_events
ignored test_433_events
ignored test_434_events
ignored test_435_events
ignored test_436_events
ignored test_437_events
ignored test_438_events
ignored test_439_events
ok test_38
ignored test_440_events
ignored test_441_events
ignored test_442_events
ignored test_443_events
ignored test_444_events
ignored test_446_events
ignored test_447_events
ignored test_449_events
ok test_35
ignored test_450_events
ignored test_452_events
ignored test_453_events
ignored test_454_events
ignored test_455_events
ignored test_456_events
ignored test_457_events
ignored test_458_events
ignored test_459_events
ok test_42
ignored test_460_events
ignored test_461_events
ok test_4
ok test_345
ok test_45
ok test_462
ok test_44
ok test_464
ok test_463
ok test_314
ok test_466
ok test_43
ok test_469
ok test_465
ok test_46
ok test_47
ok test_470
ok test_471
ok test_472
ok test_473
ok test_474
ok test_476
ok test_475
ok test_48
ok test_468
ok test_478
ok test_467
ok test_477
ok test_479
ok test_480
ok test_484
ok test_482
ok test_483
ok test_486
ok test_485
ok test_481
ok test_493
ok test_488
ok test_487
ok test_492
ok test_494
ok test_498
ok test_49
ok test_499
ok test_489
ok test_500
ok test_490
ok test_5
ok test_491
ok test_502
ok test_501
ok test_50
ok test_503
ok test_507
ok test_508
ok test_496
ok test_495
ok test_497
ok test_509
ok test_510
ok test_511
ok test_504
ok test_512
ok test_51
ok test_506
ok test_513
ok test_505
ok test_515
ok test_514
ok test_526
ok test_525
ok test_523
ok test_52
ignored test_531_algebraic_rule
ignored test_532_algebraic_rule
ignored test_533_algebraic_rule
ignored test_534_algebraic_rule
ignored test_535_algebraic_rule
ignored test_536_algebraic_rule
ignored test_537_algebraic_rule
ignored test_538_algebraic_rule
ignored test_539_algebraic_rule
ok test_527
ignored test_540_algebraic_rule
ignored test_541_algebraic_rule
ignored test_542_algebraic_rule
ignored test_543_algebraic_rule
ignored test_544_algebraic_rule
ignored test_545_algebraic_rule
ignored test_546_algebraic_rule
ignored test_547_algebraic_rule
ignored test_548_algebraic_rule
ignored test_549_algebraic_rule
ok test_524
ignored test_550_algebraic_rule
ignored test_551_algebraic_rule
ignored test_552_algebraic_rule
ignored test_553_algebraic_rule
ignored test_554_algebraic_rule
ignored test_555_algebraic_rule
ignored test_556_algebraic_rule
ignored test_557_algebraic_rule
ignored test_558_algebraic_rule
ignored test_559_algebraic_rule
ok test_529
ignored test_560_algebraic_rule
ignored test_565_algebraic_rule
ignored test_566_algebraic_rule
ignored test_567_algebraic_rule
ignored test_568_algebraic_rule
ignored test_569_algebraic_rule
ok test_528
ignored test_570_algebraic_rule
ignored test_571_algebraic_rule
ignored test_572_algebraic_rule
ignored test_573_algebraic_rule
ignored test_574_algebraic_rule
ignored test_575_algebraic_rule
ignored test_576_algebraic_rule
ok test_522
ok test_530
ok test_579
ok test_577
ok test_53
ok test_578
ok test_56
ok test_57
ok test_582
ok test_54
ok test_581
ok test_58
ok test_583
ok test_580
failed test_586
ok test_589
ok test_592
ok test_591
failed test_588
failed test_587
ok test_585
ok test_594
ok test_590
ok test_595
ok test_598
ok test_584
ok test_593
ok test_6
ok test_596
ok test_60
failed test_601
failed test_604
ok test_599
ok test_55
failed test_602
ok test_600
failed test_603
ignored test_613_algebraic_rule
ignored test_614_algebraic_rule
ignored test_615_algebraic_rule
failed test_607
failed test_608
failed test_605
ignored test_619_events
ok test_611
ignored test_620_events
ignored test_621_events
ignored test_622_events
ignored test_623_events
ignored test_624_events
ok test_617
ok test_616
ok test_61
ignored test_628_algebraic_rule
ignored test_629_algebraic_rule
ok test_612
ignored test_630_algebraic_rule
ok test_63
ok test_618
ok test_62
ignored test_634_events
ignored test_635_events
ignored test_636_events
ignored test_637_events
ignored test_638_events
ignored test_639_events
failed test_606
ok test_625
ok test_632
ok test_631
ok test_627
ok test_626
ok test_64
ignored test_646_events
ignored test_647_events
ignored test_648_events
ignored test_649_events
ok test_633
ignored test_650_events
ignored test_651_events
ignored test_652_events
ignored test_653_events
ignored test_654_events
ignored test_655_events
ignored test_656_events
ignored test_657_events
ignored test_658_algebraic_rule
ignored test_659_algebraic_rule
ok test_642
ignored test_660_algebraic_rule
ignored test_661_algebraic_rule
ignored test_662_algebraic_rule
ignored test_663_algebraic_rule
ignored test_664_algebraic_rule
ignored test_665_algebraic_rule
ignored test_666_algebraic_rule
ok test_65
ok test_643
ignored test_669_long
ok test_645
ok test_640
ok test_644
ok test_667
ignored test_673_algebraic_rule
ignored test_674_algebraic_rule
ignored test_675_algebraic_rule
ok test_670
ok test_641
ok test_676
ignored test_679_events
ignored test_680_events
ignored test_681_events
ignored test_682_events
ignored test_683_events
ignored test_684_events
ok test_677
ok test_678
ignored test_687_algebraic_rule
ok test_671
ignored test_689_events
ignored test_690_events
failed test_688
ok test_672
ok test_668
ok test_691
ignored test_695_algebraic_rule
ignored test_696_algebraic_rule
ok test_67
ok test_697
ignored test_699_events
ok test_698
ignored test_700_events
ignored test_701_events
ignored test_702_events
ok test_7
failed test_685
ignored test_705_algebraic_rule
ok test_693
ignored test_707_events
ignored test_708_events
ok test_706
ok test_692
ok test_66
failed test_686
ok test_704
ok test_694
failed test_709
failed test_710
ok test_703
failed test_711
failed test_715
ignored test_71_algebraic_rule
ok test_712
ok test_718
ok test_714
ignored test_723_events
ignored test_724_events
ignored test_72_algebraic_rule
failed test_716
ok test_717
ok test_719
ok test_720
ignored test_736_events
ignored test_737_events
ok test_721
ignored test_739_long
ignored test_73_algebraic_rule
ok test_732
ok test_733
ok test_722
ignored test_743_events
ignored test_744_events
ignored test_745_events
ignored test_746_events
ignored test_747_events
ignored test_748_events
ignored test_749_events
ignored test_74_algebraic_rule
ok test_734
ignored test_750_events
ignored test_751_events
ignored test_752_events
ignored test_753_events
ignored test_754_events
ignored test_755_events
ignored test_756_events
ignored test_757_events
ignored test_758_events
ignored test_759_events
ok test_735
ignored test_760_algebraic_rule
ignored test_761_algebraic_rule
ignored test_762_algebraic_rule
ignored test_763_events
ignored test_764_events
ignored test_765_events
ignored test_766_events
ignored test_767_events
ignored test_768_events
ignored test_769_events
ok test_75
ignored test_770_events
ignored test_771_events
ignored test_772_events
ignored test_773_events
ignored test_774_events
ignored test_775_events
ignored test_776_events
ignored test_777_algebraic_rule
ignored test_778_algebraic_rule
ignored test_779_algebraic_rule
failed test_738
ignored test_780_algebraic_rule
failed test_740
ok test_78
failed test_782
failed test_781
ok test_76
failed test_783
ok test_77
failed test_741
ignored test_789_events
failed test_787
ignored test_790_events
ignored test_791_events
failed test_742
failed test_784
failed test_786
failed test_788
failed test_785
ok test_792
failed test_794
ok test_793
ok test_795
ok test_796
ok test_8
ok test_801
ok test_79
ok test_797
ok test_799
ok test_798
ok test_804
ok test_803
ok test_806
ok test_802
ok test_800
ok test_80
ok test_809
ok test_805
ok test_808
ok test_807
ok test_813
ok test_812
failed test_815
ok test_81
ok test_810
ok test_811
ok test_818
ok test_814
ok test_713
ok test_821
ok test_819
ok test_820
ok test_822
failed test_817
failed test_816
ok test_82
ok test_824
ok test_823
ok test_826
ok test_832
ok test_825
ok test_83
ok test_835
ok test_831
ok test_834
ok test_830
ok test_833
ok test_836
ok test_838
ignored test_844_algebraic_rule
ignored test_845_events
ignored test_846_events
ignored test_847_events
ignored test_848_events
ignored test_849_events
ok test_837
ignored test_850_events
ignored test_851_csymbol
ignored test_852_csymbol
ignored test_853_csymbol
ignored test_854_csymbol
ignored test_855_csymbol
ignored test_856_csymbol
ignored test_857_csymbol
ignored test_858_csymbol
ignored test_859_csymbol
ok test_839
ignored test_860_csymbol
ignored test_861_csymbol
ignored test_862_csymbol
ignored test_863_csymbol
ignored test_864_csymbol
ignored test_865_csymbol
ignored test_866_csymbol
ignored test_867_csymbol
ignored test_868_csymbol
ignored test_869_csymbol
ok test_84
ignored test_876_algebraic_rule
ignored test_877_csymbol
ignored test_878_csymbol
failed test_879
ok test_88
ignored test_880_csymbol
ignored test_881_csymbol
ignored test_882_csymbol
ignored test_883_events
ignored test_884_events
ignored test_885_events
ignored test_886_events
ignored test_887_events
failed test_888
ignored test_889_csymbol
ok test_85
failed test_890
ignored test_891_csymbol
failed test_892
ignored test_893_csymbol
ignored test_894_csymbol
ignored test_895_csymbol
ignored test_896_csymbol
ignored test_897_csymbol
ok test_87
ok test_9
ok test_901
ok test_840
ok test_843
ok test_902
ok test_90
ok test_903
ok test_842
ok test_904
ok test_89
ok test_905
ok test_906
ok test_908
ok test_909
ok test_907
ok test_911
ok test_912
ok test_910
ok test_915
ok test_913
ok test_916
ok test_918
ok test_917
ok test_920
ok test_914
ok test_921
ok test_922
ok test_919
ok test_841
ok test_923
ignored test_928_events
ignored test_929_events
ok test_924
ignored test_930_events
ignored test_931_events
ignored test_932_events
ignored test_933_events
ignored test_934_events
ignored test_935_events
ok test_925
ignored test_937_notes
ignored test_938_notes
ignored test_939_notes
failed test_936
ignored test_940_notes
ignored test_941_notes
ignored test_942_notes
ignored test_943_notes
ignored test_944_events
ignored test_945_events
ignored test_946_events
ignored test_947_events
ignored test_948_events
ignored test_949_notes
failed test_926
ignored test_950_notes
ignored test_951_notes
ignored test_952_events
ignored test_953_notes
ignored test_954_notes
ignored test_955_notes
ignored test_956_notes
ignored test_957_notes
ignored test_958_notes
ignored test_959_notes
ok test_927
ignored test_960_notes
ignored test_961_csymbol
ignored test_962_events
ignored test_963_notes
ignored test_964_events
ignored test_965_events
ignored test_966_events
ignored test_967_events
ok test_91
ok test_969
ok test_86
failed test_970
ignored test_972_events
ok test_95
ignored test_975_conversion_factor
ignored test_976_conversion_factor
ignored test_977_conversion_factor
ignored test_978_events
ignored test_979_events
ok test_971
ignored test_980_events
ignored test_981_csymbol
ignored test_982_csymbol
ignored test_983_algebraic_rule
ignored test_984_csymbol
ignored test_985_csymbol
ok test_96
ignored test_995_events
ignored test_996_events
ignored test_997_events
ok test_998
ok test_974
ok test_97
ok test_999
ok test_92
ok test_94
ok test_93
ok test_98
ok test_99
